<?xml version="1.0" encoding="UTF-8"?><background_status><status>setup</status><progress type="integer">0</progress><subprogress type="integer">-1</subprogress></background_status>
<?xml version="1.0" encoding="UTF-8"?><background_status><status>running</status><progress type="integer">0</progress><subprogress type="integer">-1</subprogress></background_status>
<?xml version="1.0" encoding="UTF-8"?><background_status><status>query</status><progress type="integer">0</progress><subprogress type="integer">-1</subprogress></background_status>
<?xml version="1.0" encoding="UTF-8"?><background_status><status>refresh-cache</status><progress type="integer">0</progress><subprogress type="integer">-1</subprogress></background_status>
<?xml version="1.0" encoding="UTF-8"?><background_status><status>refresh-cache</status><progress type="integer">30</progress><subprogress type="integer">-1</subprogress></background_status>
<?xml version="1.0" encoding="UTF-8"?><background_status><status>refresh-cache</status><progress type="integer">80</progress><subprogress type="integer">-1</subprogress></background_status>
<?xml version="1.0" encoding="UTF-8"?><background_status><status>refresh-cache</status><progress type="integer">100</progress><subprogress type="integer">-1</subprogress></background_status>
<?xml version="1.0" encoding="UTF-8"?><background_status><status>finished</status><progress type="integer">100</progress><subprogress type="integer">-1</subprogress></background_status>
<?xml version="1.0" encoding="UTF-8"?><patches type="array"><patch_update><resolvable_id type="integer">1579</resolvable_id><kind>important</kind><name>slessp0-openslp</name><version></version><arch>noarch</arch><repo>nu_novell_com:SLES11-Updates</repo><summary>Recommended update for OpenSLP</summary> </patch_update><patch_update><resolvable_id type="integer">1662</resolvable_id><kind>important</kind><name>slessp0-sysvinit</name><version></version> <arch>noarch</arch> <repo>nu_novell_com:SLES11-Updates</repo><summary>Recommended update for sysvinit</summary></patch_update><patch_update><resolvable_id type="integer">1659</resolvable_id><kind>important</kind><name>slessp0-device-mapper</name><version></version> <arch>noarch</arch> <repo>nu_novell_com:SLES11-Updates</repo><summary>Recommended update for device-mapper</summary> </patch_update> <patch_update><resolvable_id type="integer">1654</resolvable_id><kind>security</kind><name>slessp0-expat</name><version></version><arch>noarch</arch><repo>nu_novell_com:SLES11-Updates</repo><summary>Security update for expat</summary></patch_update></patches>
